// Jest Snapshot v1, https://goo.gl/fbAQLP

exports[`<Footer/> should match with snapshot 1`] = `
.c0 {
  text-align: center;
  border-top: 0.1rem solid #0A1128;
  font-size: 1.6rem;
}

.c0 a {
  color: inherit;
  -webkit-text-decoration: none;
  text-decoration: none;
}

.c1 {
  font-size: 2.4rem;
}

<div>
  <footer
    class="c0"
  >
    <footer
      class="c1"
    >
      <h1>
        Hello world
      </h1>
    </footer>
  </footer>
</div>
`;
